                                  
                                  
                                  
          XXXXXXXXXXXXX           
          XXOOrOOOOOOXX           
          XOOOOOOOOOOZX           
          XOOOOOOOOrOXX           
          XOOXXXXXXXXXX           
          XOOX                    
          XOOX                    
          XOrX                    
          XrOX                    
          XOXX                    
          XOOX                    
          XOOX                    
          XOOX                    
          XOOX                    
          XOOX                    
          XXOX                    
  XXXXXXXXXOOX        XXXXXXXX    
  XXXOONXXOOOX        XOOOXOXX    
  XXOOOOXXOOOXXXXXXXXXXONOOOXX    
  XZOOOOOOOOOOOOOOOOOOOOOOOOZX    
  XXOOOXOOOOOOOOOOOOOOOOOOOOXX    
  XXXXXXXXXOOOOOOOOOOOOOOrOXXX    
          XrOOOOONOXXXXXXXXXXX    
          XOOrOrOOOXXX            
          XXXXXXXXXXXX            
                                  