                                                                                                                                                              
                                                                                                                                                              
                                                                                                                                                              
                                                                                                                                                              
                                                                                                                                                              
                                                                                                                                                              
                                                                                                                                                              
                                                                                                                                                              
                                                                                                                                                              
                                                                                                                                                              
                                                                                                                                                              
                                                                                                                                                              
                                                                                                                                                              
                                                                                                                                                              
                                                                                                                                                              
                                                                                                                                                              
                                                                                                                                                              
                                                                                                                                                              
                                                                                                                                                              
                                                                                                                                                              
                                                                                                                                                              
                                                                                                                                                              
                                                                                                                                                              
                                                                                                                                                              
                                                                                                                                                              
                                                                                                                                                              
                                                                                                                                                              
                                                                                                                                                              
                                                                                                                                                              
                                                                                                                                                              
                                                                                                                                                              
                                                                                                                                                              
                                                                                                                                                              
                                                                                                                                                              
                                                                                                                                                              
                                                                                                                                                              
                                                                                                                                                              
                                                                                                                                                              
                                                                                                                                                              
                                                                                                                                                              
                                                                                                                                                              
                                                                                                                                                              
                                                                                                                                                              
                                                                                                                                                              
                                                                                                                                                              
                                                                                                                                                              
                                                                                                                                                              
                                                                                                                                                              
                                                                                                                                                              
                                                                                                                                                              
                                                                                                                                                              
                                                                                                                                                              
                                                                                                                                                              
                                                                                                                                                              
                                                                                                                                                              
                                                                                                                                                              
                                                                                                                                                              
                                                                                                                                                              
                                                                                                                                                              
                                                                                                                                                              
                                                                                                                                                              
                                                                                                                                                              
                                                                                                                                                              
                                                                                                                                                              
                                                                                                                                                              
                                                                                                                                                              
                                                                                                                                                              
                                                                                                                                                              
                                                                                                                                                              
                                                                                                                                                              
                                                                                                                                                              
                                                                                                                                                              
                                                                                                                                                              
                                                                                                                                                              
                                                                                                                                                              
                                                                                                                                                              
                                                                                                                                                              
                                                                                                                                                              
                                                                                                                                                              
                                                                                                                                                              
                                                                                                                                                              
                                                                                                                                                              
                                                                                                                                                              
                                                                                                                                                              
                                                                                                                                                              
                                                                                                                                                              
                                                                                                                                                              
                                                                                                                                                              
                                                                                                                                                              
                                                                                                                                                              
                                                                                                                                                              
                                                                                                                                                              
                                                                                                                                                              
                                                                                                                                                              
                                                                                                                                                              
                                                                                                                                                              
                                                                                                                                                              
                                                                                                                                                              
                                                                                                                                                              
                                                                                                                                                              
                                                                                                                                                              
                                                                                                                                                              
                                                                                                                                                              
                                                                                                                                                              
                                                                                                                                                              
                                                                                                                                                              
                                                                                                                                                              
                                                                                                                                                              
                                                                                                                                                              
                                                                                                                                                              
                                                                                                                                                              
                                                                                                                                                              
                                                                                                                                                              
                                                                                                                                                              
                                                                                                                                                              
                                                                                                                                                              
                                                                                                                                                              
                                                                                                                                                              
                                                                                                                                                              
                                                                                                                                                              
                                                                                                                                                              
                                                                                                                                                              
                                                                                                                                                              
                                                                                                                                                              
                                                                                                                                                              
                                                                                                                                                              
                                                                                                                                                              
                                                                                                                                                              
                                                                                                                                                              
                                                                                                                                                              
                                                                                                                                                              
                                                                                                                                                              
                                                                                                                                                              
                                                                                                                                                              
                                                                                                                                                              
                                                                                                                                                              
                                                                                                                                                              
                                                                                                                                                              
                                                                                                                                                              
                                                                                                                                                              
                                                                                                                                                              
                                                                                                                                                              
                                                                                                                                                              
                                                                                                                                                              
                                                                                                                                                              
                                                                                                                                                              
                                                                                                                                                              
                                                                                                                                                              
                                                                                                                                                              
                                                                                                                                                              
                                                                                                                                                              
                                                                                                                                                              
                                                                                                                                                              
                                                                                                                                                              
                                                                                                                                                              
                                                                                                                                                              
                                                                                                                                                              
                                                                                                                                                              
                                                                                                                                                              
                                                                                                                                                              
                                                                                                                                                              
                                                                                                                                                              
                                                                                                                                                              
                                                                                                                                                              
                                                                                                                                                              
                                                                                                                                                              
                                                                                                                                                              
                                                                                                                                                              
                                                                                                                                                              
                                                                                                                                                              
                                                                                                                                                              
                                                                                                                                                              
                                                                                                                                                              
                                                                                                                                                              
                                                                                                                                                              
                                                                                                                                                              
                                                                                                                                                              
                                                                                                                                                              
                                                                                                                                                              
                                                                                                                                                              
                                                                                                                                                              
                                                                                                                                                              
                                                                                                                                                              
                                                                                                                                                              
                                                                                                                                                              
                                                                                                                                                              
                                                                                                                                                              
                                                                                                                                                              
                                                                                                                                                              
                                                                                                                                                              
                                                                                                                                                              
                                                                                                                                                              
                                                                                                                                                              
                                                                                                                                                              
                                                                                                                                                              
                                                                                                                                                              
                                                                                                                                                              
                                                                                                                                                              
                                                                                                                                                               
                                                                                                                                                              
                                                                                                                                                              
                                                                                                                                                              
                                                                                                                                                              
                                                                                                                                                              
                                                                                                                                                              
                                                                                                                                                              
                                                                                                                                                              
                                                                                                                                                              
                                                                                                                                                              
                                                                                                                                                              
                                                                                                                                                              
                                                                                                                                                              
                                                                                                                                                              
                                                                                                                                                              
                                                                                                                                                              
                                                                                                                                                              
                                                                                                                                                              
                                                                                                                                                              
                                                                                                                                                              
                                                                                                                                                              
                                                                                                                                                              
                                                                                                                                                              
                                                                                                                                                              
                                                                                                                                                              
                                                                                                                                                              
                                                                                                                                                              
                                                                                                                                                              
                                                                                                                                                              
                                                                                                                                                              
                                                                                                                                                              
                                                                                                                                                              
                                                                                                                                                              
                                                                                                                                                              
                                                                                                                                                              
                                                                                                                                                              
                                                                                                                                                              
                                                                                                                                                              
                                                                                                                                                              
                                                                                                                                                              
                                                                                                                                                              
                                                                                                                                                             
                                                                                                                                                              
                                                                                                                                                              
                                                                                                                                                              
                                                                                                                                                              
                                                                                                                                                              
                                                                                                                                                              
                                                                                                                                                              
                                                                                                                                                              
                                                                                                                                                              
                                                                                                                                                               
                                                                                                                                                              
                                                                                                                                                              
                                                                                                                                                              
                                                                                                                                                              
                                                                                                                                                              
                                                                                                                                                              
                                                                                                                                                              
                                                                                                                                                              
                                                                                                                                                              
                                                                                                                                                              
                                                                                                                                                              
                                                                                                                                                              
                                                                                                                                                              
                                                                                                                                                              
                                                                                                                                                              
                                                                                                                                                      XXXXXX  
                                                                                                                                                   XXXXOOOXX  
                                                                                                                                        XZZXXXXXXXXXXOOOOOOX  
                                                                                                                                        XOOOOOXOOOOOOOOOXXOX  
                                                                                                                                     XXXXOOOOOOOXXXXXXXXXXOXX 
                                                                                                                                     XOOOOOOOOOOX        XOOX 
                                                                                                                                     XXXOOOOOOXXX        XOOX 
                                                                                                                                       XOOOOOOX       XXXXOOX 
                                                                                                                                       XXXXXXXX       XOOOOOX 
                                                                                                                                                      XXOOOOX 
                                                                                                                                                       XOXXXX 
                                                                                                                                                       NOX    
                                                                                                                                                       XOX    
                                                                                                                                                       XXX    
                                                                                                                                                              