                                                                
                                                                
                                                                
                                                                
                                                                
                                                                
                                                                
                                                                
                                                                
                                                                
                                                                
                                                                
                                                                
                                                                
                                                                
                                                                
                                                                
                                                                
                                                                
                                                                
                                                                
                                                                
                                                                
                                                                
                                                                
                                                                
                                                                
                                                                
                                                                
                                                                
                                                                
                                                                
                                                                
                                                                
                                                                
                                                                
                                                                
                                                                
                                                                
                                                                
                                                                
                                                                
                                                                
                                                                
                                                                
                                                                
                                                                
                                                                
                                                                
                                                                
                                                                
                                                                
                                                                
                                                                
                                                                
                                                                
                                                                
                                                                
                                                                
                                                                
                                                                
                                                                
                                                                
                                                                
                                                                
                                                                
                                                                
                                                                
                                                                
                                                                
                                                                
                                                                
                                                                
                                                                
                                                                
                                                                
                                                                
                                                                
                                                                
                                                                
                                                                
                                                                
                                                                
                                                                
                                                                
                                                                
                                                                
                                                                
                                                                
                                                                
                                                                
                                                                
                                                                
                                                                
                                                                
                                                                
                                                                
                                                                
                                                                
                                                                
                                                                
                                                                
                                                                
                                                                
                                                                
                                                                
                                                                
                                                                
                                                                
                                                                
                                                                
                                                                
                                                                
                                                                
                                                                
                                                                
                                                                
                                                                
                                                                
                                                                
                                                                
                                                                
                                                                
                                                                
                                                                
                                                                
                                                                
                                                                
                                                                
                                                                
                                                                
                                                                
                                                                
                                                                
                                                                
                                                                
                                                                
                                                                
                                                                
                                                                
                                                                
                                                                
                                                                
                                                                
                                                                
                                                                
                                                                
                                                                
                                                                
                                                                
                                                                
                                                                
                                                                
                                                                
                                                                
                                                                
                                                                
                                                                
                                                                
                                                                
                                                                
                                                                
                                                                
                                                                
                                                                
                                                                
                                                                
                                                                
                                                                
                                                                
                                                                
                                                                
                                                                
                                                                
                                                                
                                                                
                                                                
                                                                
                                                                
                                                                
                                                                
                                                                
                                                                
                                                                
                                                                
                                                                
                                                                
                                                                
                                                                
                                                                
                                                                
                                                                
                                                                
                                                                
                                                                
                                                                
                                                                
                                                                
                                                                 
                                                                
                                                                
                                                                
                                                                
                                                                
                                                                
                                                                
                                                                
                                                                
                                                                
                                                                
                                                                
                                                                
                                                                
                                                                
                                                                
                                                                
                                                                
                                                                
                                                                
                                                                
                                                                
                                                                
                                                                
                                                                
                                                                
                                                                
                                                                
                                                                
                                                                
                                                                
                                                                
                                                                
                                                                
                                                                
                                                                
                                                                
                                                                
                                                                
                                                                
                                                                
                                                               
                                                                
                                                                
                                                                
                                                                
                                                                
                                                                
                                                                
                                                                
                                                                
                                                                 
                                                                
                                                                
                                                                
                                                                
                                                                
                                                                
                                                                
                                                                
                                                                
                                                                
                                                                
                                                                
                                                               
                                                                
                                                                
                                                                
                                                               
                                                                
                                                                
                                                                
                                                                
                                                                
                                                                
                                                                
                                                                
                                                                
                                                               
                                                                
                                                                
                                                                
                                                                
                                                                
                                                                
                                                                
                                                                
                                                                
                                                                
                                                                
                                                                
                                                               
                                                                
                                                                
                                                                
                                                                
                                                                
                                                                
                                                                
                                                               
                                                                
                                                                
                                                                
                                                                
                                                                
                                                               
                                                                
                                                                
                                                                
                                                                
                                                               
                                                                
                                                                
                                                                
                                                                
                                                                
                                                                
                                                                
                                                                
                                                                
                                                                
                                                                
                                                                
                                                                
                                                                
                                                                
                                                                
                                                                
                                                                
                                                                
                                                                
                                                                
                                                                
                                                                
                                                                
                                                                
                                                                
                                                                
                                                                
                                                                
                                                                
                                                                
                                                                
                                                                
                                                                
                                                                
                                                                
                                                                
                                                                
                                                                
                                                                
                                                                
                                                                
                                                                
                                                                
                                                                
                                                                
                                                                
                                                               
                                                                
                                                                
                                                                
                                                                
                                                                
                                                                
                                                                
                                                                
                                                                
                                                                
                                                                
                                                                
                                                                
                                                                
                                                                
                                                                
                                                                 
                                                                 
                                                                
                                                                
                                                                
                                                                
                                                                
                                                                
                                                                
                                                                
                                                                
                                                                
                                                                
                                                                
                                                                
                                                                
                                                                
                                                                
                                                                
                                                                
                                                                
                                                                
                                                                
                                                                
                                                                
                                                                
                                                                
                                                                
                                                               
                                                                
                                                                
                                                                
                                                                
                                                                
                                                                
                                                               
                                                                
                                                                
                                                                
                                                                
                                                                
                                                                
                                                                
                                                                
                                                               
                                                                
                                                                
                                                                
                                                                
                                                                
                                                                
                                                                
                                                                
                                                                
                                                                
                                                                
                                                                
                                                                
                                                                
                                                                
                                                                
                                                                
                                                                
                                                                
                                                                
                                                                
                                                                
                                                                
                                                                
                                                                
                                                                
                                                                
                                                                
                                                                
                                                                
                                                                
                                                                
                                                                
                                                                
                                                                
                                                                
                                                                
                                                                
                                                                
                                                                
                                                                
                                                                
                                                                
                                                                
                                                                
                                                                
                                                               
                                                                
                                                                
                                                                
                                                                
                                                                
                                                                
                                                                
                                                                
                                                               
                                                                
                                                                
                                                                
                                                                
                                                                
                                                                
                                                                
                                                                
                                                                
                                                                
                                                                
                                                               
                                                                
                                                                
                                                                
                                                                
                                                                
                                                                
                                                                
                                                               
                                                               
                                                                
                                                                
                                                                
                                                                
                                                                
                                                                
                                                                
                                                                
                                                                
                                                                
                                                                
                                                                
                                                                
                                                                
                                                                
                                                                
                                                                
                                                                
                                                                
                                                                
                                                                
                                                                
                                                                
                                                                
                                                                
                                                                
                                                                
                                                                
                                                                
                                                                
                                                                
                                                                
                                                                
                                                                
                                                                
                                                                
                                                                
                                                                
                                                               
                                                               
                                                               
                                                              
                                                               
                                                               
                                                                
                                                                
                                                                
                                                                
                                                                
                                                                
                                                                
                                                                
                                                                
                                                                
                                                                
                                                                
                                                               
                                                                
                                                                
                                                                
                                                                
                                                                
                                                                 
                                                                
                                                                
                                                                
                                                                
                                                                
                                                                
                                                                 
                                                                
                                                                
                                                                
                                                                
                                                                
                                                                
                                                                
                                                                
                                                                
                                                                
                                                                
                                                                
                                                                
                                                                
                                                                
                                                                
                                                                
                                                                
                                                                
                                                                
                                                              
                                                                
                                                                
                                                                
                                                                
                                                                
                                                                
                                                                
                                                                 
                                                                
                                                                
                                                                
                                                                
                                                               
                                                               
                                                               
                                                                
                                                                
                                                                
                                                                
                                                                
                                                                
                                                                
                                                                
                                                                
                                                                
                                                                
                                                                
                                                                
                                                                
                                                                
                                                                
                                                                
                                                                
                                                                
                                                                
                                                                
                                                                
                                                                
                                                                
                                                               
                                                                
                                                                
                                                                
                                                                
                                                               
                                                                
                                                                
                                                                
                                                                
                                                                
                                                                
                                                                
                                                                
                                                                
                                                                
                                                                
                                                                
                                                                
                                                                
                                                                
                                                                
                                                                
                                                                
                                                                
                                                                
                                                                
                                                                
                                                                
                                                                
                                                                
                                                                
                                                                
                                                                
                                                                
                                                                
                                                                
                                                                
                                                                
                                                                
                                                                
                                                                 
                                                                
                                                                
                                                                
                                                                
                                                                
                                                                
                                                                
                                                                
                                                                
                                                                
                                                                
                                                                
                                                                
                                                                
                                                                
                                                                
                                                                
                                                                
                                                                
                                                              
                                                                
                                                               
                                                                
                                                                
                                                                
                                                                
                                                                
                                                                
                                                                
                                                                
                                                               
                                                                
                                                                
                                                                
                                                                
                                                                
                                                                 
                                                                  
                                                                  
                                                                  
                                                                  
                                                                  
                                                        XXXXXXX   
                                                        XXXXXXX   
                                                        XXXXXXX   
                                                        XXZXXXX   
                               XXXXXXXXXXXX       XXXXXXsOOOOOX   
                               XOOOXXXXXOOX       XOOXOOOOOOOOX   
                               XOOOXXXXXOOX       XOOXOOOOOOOOX   
                               XOOOXXXXXOOX       XONXOOOOOOOOX   
                               XOOOXXZXXOOX       XONXOOOOOOOOX   
                               XOOOOOOOOOOX       XOOOOOXXXXXOX   
                               XOXXOOOOOOOX       XOOOOOXXXXXOX   
                               XOXXOOOOOOOX       XOOOOOXXXXXOX   
                               XOXXsOOOOOOXXXXXXXXXXOOOOXXZXXOX   
                               XOOOOOOOOOOOOOOOOOOOOOOOOOOOOOOX   
                               XOOOOOOOOOOOOOOOOOOOOOOOOOOOOOOX   
                               XOOOOOOOOOOOOOOOOOOOOOOOOOOOOOOX   
                               XOOOOOOOOOOOOOOOOOOOOOOOOOOOOOOX   
                               XOOOOXXXXXXXOXXXXXXXOOOOOONNNNNX   
                               XOOOOXXXXXXXXXXXXXXXXOOOOONNNNNX   
                               XONOOXXXXXXXX      XOXXXXONNNNNX   
                               XONOOXXXXXXXX      XOXXXXXOOOOOX   
                               XONOOXXXZXXXX      XOXXXXXOOOOOX   
                               XOOOOsOOOOOOX      XOXZXXXOOOOOX   
                               XOOOOOOOOOOOX      XOOOOOOOOOOOX   
                               XOOOOOOOOOOOX      XOOOOOOOOOOOX   
                               XOOOOOOOONNNX      XOOOOOOOOOOOX   
                               XOOOOOOOOOOOX      XOOOOOOOOOOOX   
                               XOOOOOOOOOOOX      XOOOOOOOOOOOX   
                               XOOOOOXXXXOOX      XOXXXXXOOOOOX   
                               XOOOOOXXXXXOX      XOXXXXXOOOOOX   
                               XOOOOOXXXXXOX      XOXZXXXOOOOOX   
                               XOOOOOXZXXXOX      XOOOOOOOOOOOX   
                               XOOOOOOOOOOOX      XOOOOOOOOOOOX   
                               XOOOOOOOOOOOX      XOOOOOOOOOOOX   
                               XOOOOOOOOOOOX      XOOOOOOOOOOOX   
                               XOOOOOOXXXXOX      XOOOOOOOOOOOX   
                               XOOOOOOXXXXOX      XOOOOOOOOOOOX   
                               XOOOOOOXXXXOX      XOOXXXXOOOOOX   
                               XOOOOOsXZXXOXXXX   XOXXXXXNNNOOX   
                               XOOOOOOOOOOOOOOX   XOXXXXXNNNOOX   
                               XOOOOOOOOOOOOONX   XOXXZXXNNNOOX   
                               XOOOOOOOOOOOOOOX   XOOOOOOOOOOOXXX 
                               XOOOOOOOOOsOXXXX   XOOOOOOOOOOOOOX 
                               XOOOOOOOOOOXX      XOOOOOOOOOOOOOX 
                               XOOOOOOOOOOOX      XOOOOOOOOOOOOOZ 
                               XOOOOOOOOOOOX      XOOOOOOOOOOOOOZ 
                               XOOOOOOOOOOXX      XOOOOOOOOOOOOOX 
                               XOOOOOOOOOOOX      XOOOOOOOOOOOOOX 
                               XXXXXXXXXXXXX      XXXXXXXXXXXXXXX 
                                                                  