                             
                             
                             
                             
                             
      XXXXXXXXXXXXXXXXXXXXX  
      XXOOOOOOOOOOOOOOOOOrX  
      XrOOOOOOOOOOOOOOOOOOX  
      XOOXXXXXXXXXXXXXXXOOX  
      XOOX             XOOX  
      XOOXXXX          XOOX  
      XOOXXOX          XOOX  
      XOOOOOX          XOOX  
      XOOOOOX XXZXX    XOOX  
      XOOXXOX XOOOX    XOOX  
      XOOXXOX XOOOX    XOOX  
      XOOXXOX XOOOX    XOOX  
      XOOXXOX XOOOX    XOOX  
      XOOXXOX XOOOX    XOOX  
      XOOXXOX XOOOX    XOOX  
      XOOXXOX XOOOX    XOOX  
      XOOXXOX XOOOX    XOOX  
      XOOXXOX XOOOX    XOOX  
      XrOXXOX XOOOX    XOOX  
      XOOXXOX XOOOX    XOOX  
      XXXXXOXXXOOOXX   XOOX  
         XXOXXOOOOOX   XOOX  
          XCXXOOOOOX   XOOX  
          XCXXOOOOXX   XOOX  
          XOOOOOOOrX   XOOX  
          XOOOOOOrXX   XOOX  
          XOOXXXXXX    XOOX  
         XXOOOXXX      XOOX  
         XOOOOXXX      XOOX  
         XXXXrXXX      XOOX  
            XOOrX      XOOX  
            XXOXX      XOOX  
          XXXXOXXXXXXX XOOX  
          XOOXrOXXOOOX XOOX  
          XOOOOOOXOXOX XOOX  
          XOOOOOOXOOOX XOOX  
          XOOXOrOXOOOX XOOX  
          XOOXOOOXOOOX XOOX  
          XOOXrOOXOOOX XOOX  
          XOOXXXOOOOOX XOOX  
          XOOXXXOOOOOX XOOX  
 XXXX     XOOXOOXXOOOX XOOX  
 XOOX     XOOXXXXXOOOX XOOX  
 XOOX     XCXX   XXXXX XOOX  
 XOOX     XCX          XOOX  
 XOOX  XXXXCXXXXXXXXXXXXOOX  
 XOOXXXXOOOOOOOOOOOOOOOOOOX  
 XOOCCCCOOOOOOOOOOOOOOOOOOX  
 XOOXXXXXXXXXXXXXXXXXXXXOOXX 
 XOOX XOOOOOOOOOOOOOOOOOOOrX 
 XOOX XOOOOOOOOOOOOOOOOOOrXX 
 XOOXXXXOOXXXXXXXXXXXXXXXXXX 
 XOOXXrOOOOOOOOOOOOOOOX      
 ZOOXXOOOOOOOOOOOOOOXOX      
 XOOXXOOOOOOOOOOOOOOOOX      
 XXXXXXXXXXXXXXXXXXXXXX      
                             