                               
    XXXXXXXXX       XXXXXXXXX  
    XXXOXOOOX       XOOOOXOOX  
    XXXOOOOOX       XOOOOOOOX  
    XXOOOOOOZ       ZOOOOOOOX  
    XOOOOOOOX       XOOOOOOXX  
    XOOOOOOOX       XOOOOOOOX  
    XOOOOOOOX       XXOOOOOOX  
    XXOOOXXXX       XXXXOOOXX  
     XOOOX             XOOOX   
     XOOOX             XOOOX   
     XOOOX             XOXOX   
     XOOOX             XOOOX   
     XXZXX             XXXXX   
                               
                               
                               
                               
                               
                               
                               
                               
                               
    XXXZXXXXXX                 
    XOXOXOOOOXXXXXXXXXXX       
    XOOOOOOOOOOOOOOOOXXX       
    XXXXOOOOOOOOOOOOOOXXXXXXX  
       XXXXXXXXBBBBBBBBBXXOOX  
        XOOOOAAAAAAAAAAAAAOOX  
        XOOOOAAAAAAAAAAAAAOOX  
  XXXXXXXOOOOAAAAAAAAAAAAAOOX  
  XOOOXOXXOOXXXBBBBBBBBBXXOOX  
  XXOOOOOOOOXXXXXXXXXXOOXXOOXX 
  XOOOOOOOOOXXXXXXXXXXOOOOOOOX 
 XXXXXXOOXXXXXXOOOXXXXOOOOOOOX 
 XXOOXXBBXXOOXXOXOXXXXXXXXDDDX 
 XXOOAAAAAAOOXXOOOXXXOOOOXOOOX 
 XOOOAAAAAAOOXXXXOOOOOOOOXDDDX 
 XOOOAAAAAAOOXOOXOOOOOOOOXOOOX 
 XOOOXXBBXXOOXOOXXOOOXXXXXDDDX 
 XOOOOOOOXXOOXOOOOOOOOOOOOOOOX 
 XOOOOOOOXXOOXOXXXXXXXXXXXXOOX 
 XOOOXXOOXXOOXOX          XOOX 
 XXXXXXOOXXOOXOX          XOOX 
  XOOOOOOXXOOXOX          XOOX 
  XOXXXXXXXOOXbX          XOOX 
  XOXOOOOOOOOXOX          XOOX 
  XOXOOOOOOOOXOX          XOOX 
  XOXOOOXXOOOXOX          ZOOX 
  XOXOOOXXOOOOOX          XOOX 
  XOXOOOXOOOOOOX          XXXX 
  XOXOOOXOOXXXOX               
  XOXOOOXOOXXXOX               
  XOXOOOXOOXXXOX               
  XOXOOOXXOOOOOX               
  XOXOOOXXOOOOOX               
 XXXXOOOXXXOXXOX               
 XOOOOOOOOXOXXOX               
 XOOOOXXXOXOOOOX               
 ZOOOOXXXOXOOOOX               
 XOOOOXXXOXXXOXX               
 XOOOOOOOOXXXXXX               
 XXXXXXXXXX                    
                               