                                                
                                                
                                                
                                                
                                                
                                                
                                                
                                                
                                        XXXXXXX 
                                        XGGGGGX 
                                        XGGGXGX 
                                        XGGGGGX 
                             XXXXXXXXXXXXGGGGGX 
                             XOOOGOGGGGGGGGGGGX 
                             XXCXXXXXXXXXXXXXXX 
                              XCX               
                              XCX               
      XXXXXZXXXXXXX           XCX               
      XOOOOOOGOGGGXXXXXXXXXXXXXCXXXXXXXZXXX     
      XOGGGGGGGGGGXOOOOOOOOOOOOOOOOOOOOOOOX     
      XOOGGGGGGGGGXXOOOXOOXXXXXCXXXXXXXXXXX     
      XOOGGGGGGGGGXXGGGXOOXXXXXCX               
      XOGGGGGGGGGGXXGGGXOOXXOXXCX               
      XOGGGGGGGGGGXXGGGXOOXXOXOOX               
      XOOGGGGGGGGGXXGGGXOOXXOXOOX               
      XGOGGGGGGGGGXXGGGXOOXXOXOGX               
      XOOGGGGGGGGGXXGGGXOXXXOXOGX               
      XOGGGGGGGGGGXXGGGXOOXXOXOGX               
      XOOOGGXXXGGGGGGGGXOOXXOXGGX               
      XOOGOGXXXGGGGGGGGXXbXXOXGOX               
      XGOOOOXOXOGGGGGGGXOOXXOXOGX               
     XXXXOOXXrXXXXXXXXXXOOXXOXGGX               
     XOOOOOOOOOOOOOOOOOOOXXXOXGGX               
     XXXXXXXXXXXXXXXXXXXXXXXOXGOX               
               XXXXXXXXXXXXXOXGGX               
         XXXZXXXOOOOOOOOOOOOOXGGX               
         XOOOOOXXXOOXXXXXXXXXXGGX               
         XOOOOOOOOOOOOGGOGGGGGGOX               
         XXXXXXXXXXXXXXXXXXXXXXXX               
                                                