                                      
                                      
 XXXXXXXXXXXXXXXXXXXXXXXXXXXXXXXXXXXX 
 XXWWWWWWWOOWWWWWWWWWWWWWWWXXXXXXXXXX 
 XXWWWWWWWOOWWWWWWWWWWWWWWWXXXXXXXXXX 
 XXWWWWWWWOOWWWWWWWWWWWWWWWXXXXXXXXXX 
 XXWWWXXXXOOWWWXXXXXXXXXWWWXXXXXXXXXX 
 XXWWWXXXXXXWWWXXXXXXXXXWWWXXXXXXXXXX 
 XXWWWXXXXXXWWWXXXXXXXXXWWWXXXXXXXXXX 
 XXWWWXXXXXXWWWXXXXXXXXXWWWXXXXXXXXXX 
 XXWWWXXXXXXwwwXXXXXXXXXwwwXXXXXXXXXX 
 XXWWWXXXXXXWWWXXXXXXXXXWWWXXXXXXXXXX 
 XXWWWXXXXXXWWWXXXXXXXXXWWWXXXXXXXXXX 
 XXWWWXXXXXXWWWXXXXXXXXXWWWXXXXXXXXXX 
 XXWWWXXXXXXWWWXXXXXWWWWWWWWWWWONXXXX 
 XXWWWXXXXXXWWWXXXXXWWWWWWWWWWWONXXXX 
 XXOOOXXXXXXWWWXXXXXWWWWWWWWWWWONOXXX 
 XXOOOXXXXXXOOOXXXXXWWWWWWWWWWWONOXXX 
 XXOOOXXXXXXOOOXXXXXWWWWWWWWWWWOOOXXX 
 XXOOOXXXXXXOOOXXXXXWWWWWWXXXXXONOXXX 
 XXXOOXXXXXXDDDXXXXXWWWWWWXXXXXONOXXX 
 XXOOOXXXXXXOOOXXXXXWWWWWWXXXXXXXOXXX 
 XZOOOXXXXXXWWWXXXWWWWWWWWXXXXXXXOXXX 
 XXOOOOXXXXXWWWXXXWWWWWWWWXXXXXXXOXXX 
 XXXOOOOXXXXWWWXXXWWWWWWWWXXXXXXXOXXX 
 XXXOOOOXXXXWWWXXXWWWWWWWWXXXXXXXOXXX 
 XXXXOOOXXXXWWWXXXWWWWWWWWXXXXXXXOXXX 
 XXXXOOOXXXXWWWXXXWWWWWWWWXXXXXOOOXXX 
 XXXOOOOXXXXWWWXXXWWWWWWWWXXXXXOOOXXX 
 XXXWWWWXXXXWWWXXXOOOONOOOOOOOOOOOXXX 
 XXXWWWWXXXXWWWWWWWWXXXXWWWWWWWWWWXXX 
 XXXWWWWXXXXWWWWWWWWXXXXWWWWWWWWWWXXX 
 XXXWWWWXXXXWWWWWWWWXXXXWWWWWWWWWWXXX 
 XXXWWWWXXXXWWWWWWWWXXXXWWWWWWWWWWXXX 
 XXXOOOOXXXXWWWWWWWWXXXXWWWWWWWWWWXXX 
 XXXOOOOXXXXOOOOOOOOXXXXXOOOOOOOOOXXX 
 XXXDDDDXXXXXXXOOXXXXXXXXXXXOOXXXXXXX 
 XXXOOOOXXXXXXXOOXXXXXXXXXXXOOXXXXXXX 
 XXXOOOOOOOOOOOOOXXXXXXXXXXXOOOOOOOOX 
 XXZOOOOOOOOOOOOOXXXXXXXXXXXOOOOOOOOX 
 XXXOOOOXXXXXXXXXXXXXXXXXXXXOOXXXXXXX 
 XXXOOOOXXXXXXXXXXXXXXXXXXXXOOXXXXXXX 
 XXXXXXXXXXXXXXXXXXXXXXXXXOOOOOOOOOXX 
 XXXXXXXXXXXXXXXXXXXXXXXXXONNNNNNNOXX 
 XXXXXXXXXXXXXXXXXXXXXXXXXONNNNNNNOXX 
 XXXXXOOXOOOWWWWWWWWWWWWWWWWWWWWWWWXX 
 XXXXZOOOOOOWWWWWWWWWWWWWWWWWWWWWWWXX 
 XXXXXOOOOOOWWWWWWWWWWWWWWWWWWWWWWWXX 
 XXXXXXXXXXXXXXXXXXXXXXXXXXXXXXXXXXXX 
                                      