                                                                                                    
                                                                                                    
                                                                                                    
                                                                                                    
                                                                                                    
                                                                                                    
                                                                                                    
                                                                                                    
                                                                                                    
                                                                                                    
                    XXXXXXXXXXXXXXXXXXXXXXXX                                                        
                    XGGGGGGGGGGGGGGGGGGOOOOX                                                        
                  XXXGGGGGGGGGGGGGGGGGGOOOOXXX                                                      
                  XGGGGXXXXXXXXXXCXXXXXXXOOOOX                                                      
                XXXGGGGXXXXXXXXXXCXXXXXXXOOOOXXX                                                    
                XGGGGXXXXXXXXXXXXCXXXXXXXXXOOOOX                                                    
              XXXGGGGXXXXXXXXXXZXCXXXXXXXXXOOOOX                                                    
              XGGGGXXXXXXXXOOOOOOOOOOXXXXXXXXOOX                                                    
              XGGGGXXXXXXXXOOOOOOOOOOXXXXXXXXOOX                                                    
              XGGGGXXXXXXWWWWWWWWWWWWWWXXXXXXOOX                                                    
              XGGGGXXXXXXWWWWWWWWWWWWWWXXXXXXOOX                                                    
              XGGGGXXXXWWWWWWWWWWWWWWWWWWXXXXOOX                                                    
              XXXGGXXXXWWWWWWWWWWWWWWWWWWXXXXOOX                                                    
                XGGXXXXWWWWWWWWWWWWWWWWWWXXXXOOX                                                    
                XGGXXXXWWWWWWWWWWWWWWWWWWXXXXOOX                                                    
              XXXGGXXXXWWWWWWWWWWWWWWWWWWXXXXOOX                                                    
              XGGGGXXXXWWWWWWWWWWWWWWWWWWXXXXOOX                                                    
              XGGGGXXXXWWWWWWWWWWWWWWWWWWXXXXOOX                                                    
              XGGGGXXXXWWWWWWWWWWWWWWWWWWXXXXOOX                                                    
              XXXGGXXXXXXWWWWWWWWWWWWWWXXXXXXOOX                                                    
                XGGXXXXXXWWWWddWWWWWWWWXXXXXXOOX                                                    
                XGGXXXXXXXXWdAAdWWWWWXXXXXXXXOOX                                                    
                XGGXXXXXXXXWdAAdWWWWWXXXXXXXXOOX                                                    
                XGGOOXXXXXXXXAAXXXXXXXXXXXXGGGGX                                                    
                XGGOOXXXXXXXXAAXXXXXXXXXXXXGGGGX                                                    
                XXXOOOOXXXXXXAAXXXXXXXXXXGGGGX                                                      
                  XOOOOXXXXXXAAXXXXXXXXXXGGGGX                                                      
                  XXXOOOOOOOOOOOOOOOOOOGGGGXXX                                                      
                    XOOOOOOOOOOOOOOOOOOGGGGX                                                        
                    XXXOOOOOOOOOOOOOGGGGGXXX                                                        
                      XOOOOOOOOOOOOOGGGGGX                                                          
                      XXXXXXXXXXCXXXXXXXXX                                                          
                               XCX                                                                  
                               XCX                                                                  
                               XCX                                                                  
                XXXXXXXXXXXXXXXXCXXXXX                                                              
              XXXXGGGGGGGGGGGGXXGGXXXX                                                              
              XXXXGGGGGGGGGGGGXXGGXXXX                                                              
          XXXXXXOOGGGGGGGGGGGGGGGGGGXX                                                              
          XXXXXXOOGGGGGGGGGGGGGGGGGGXX                                                              
          XXOOOOOOGGGGGGGGGGGGXXXXGGXX                                                              
          XXOOOOOOGGGGGGGGGGGGXXXXGGXX                                                              
          XXOOXXOOGGGGGGGGGGGGGGGGGGXX                                                              
          XXOOXXOOGGGGGGGGGGGGGGGGGGXX                                                              
          XXOOXXXXGGGGGGGGGGXXXXXXXXXX                                                              
          XXOOXXXXGGGGGGGGGGXXXXXXXXXX                                                              
          XXOOXXXXXXXXXXXXXXXX                                                                      
          XXZZXXXXXXXXXXXXXXXX                                                                      
                                                                                                    
                                                                                                    
                                                                                                    
                                                                                                    
                                                                                                    
                                                                                                    
                                                                                                    
                                                                                                    
                                                                                                    
                                                                                                    
                                                                                                    
                                                                                                    
                                                                                                    
                                                                                                    
                                                                                                    
                                                                                                    
                                                                                                    
                                                                                                    
                                                                                                    
                                                                                                    
                                                                                                    
                                                                                                    
                                                                                                    
                                                                                                    
                                                                                                    
                                                                                                    
                                                                                                    
                                                                                                    
                                                                                                    
                                                                                                    
                                                                                                    
                                                                                                    
                                                                                                    
                                                                                                    
                                                                                                    
                                                                                                    
                                                                                                    
                                                                                                    
                                                                                                    
                                                                                                    
                                                                                                    
                                                                                                    