                                                                                                    
                                                                                                    
                                                                                                    
                                                                                                    
                                                                                                    
                                                                                                    
                                                                                                    
         XXXXXXXXXXXXX                                                                              
         XGGGGGGGGGGGX                                                                              
         XGGGGGGGGGGGX                                                                              
         XGGGGGGGGGOOX                                                                              
         XGGGGGGGGGOOXX                                                                             
         XGGGGGGGGGGGGX                                                                             
         XGGGGGGGGGGGGX                                                                             
         XGGGGGGGGGGGGX                                                                             
         XGGGGGGGGGGGGX                                                                             
         XGGGGGGGGGGXXX                                                                             
         XOGGGGGOGGGX                                                                               
         XOOOOOOOGGGX                                                                               
         XXXXXOOXXXXX                                                                               
            XXOOXX                                                                                  
            XOOOOX                                                                                  
            XOOOOX                                                                                  
            XOOOOX                                                                                  
            XOOOOX                                                                                  
            XOOOOX                                                                                  
            XXZZXX                                                                                  
            XXXXXX                                                                                  
                                                                                                    
                                                                                                    
                                                                                                    
                                                                                                    
                                                                                                    
                                                                                                    
                                                                                                    
                                                                                                    
                                                                                                    
                                                                                                    
                                                                                                    
                                                                                                    
                                                                                                    
                                                                                                    
                                                                                                    
                                                                                                    
                                                                                                    
                                                                                                    
                                                                                                    
                                                                                                    
                                                                                                    
                                                                                                    
                                                                                                    
                                                                                                    
                                                                                                    
                                                                                                    
                                                                                                    
                                                                                                    
                                                                                                    
                                                                                                    
                                                                                                    
                                                                                                    
                                                                                                    
                                                                                                    
                                                                                                    
                                                                                                    
                                                                                                    
                                                                                                    
                                                                                                    
                                                                                                    
                                                                                                    
                                                                                                    
                                                                                                    
                                                                                                    
                                                                                                    
                                                                                                    
                                                                                                    
                                                                                                    
                                                                                                    
                                                                                                    
                                                                                                    
                                                                                                    
                                                                                                    
                                                                                                    
                                                                                                    
                                                                                                    
                                                                                                    
                                                                                                    
                                                                                                    
                                                                                                    
                                                                                                    
                                                                                                    
                                                                                                    
                                                                                                    
                                                                                                    
                                                                                                    
                                                                                                    
                                                                                                    
                                                                                                    
                                                                                                    
                                                                                                    
                                                                                                    