                                                                                                    
                                                                                                    
                                                                                                    
                                                                                                    
                                                                                                    
                                                                                                    
                                                                                                    
                                                                                                    
                                                                                                    
                                                                                                    
                                                                                                    
                                                                                                    
                                                                                                    
                                                                                                    
                                                                                                    
                                                                                                    
                                                                                                    
                                                                                                    
                                                                                                    
                                                                                                    
                                                                                                    
                                                                                                    
                                                                                                    
                                                                                                    
                                                                                                    
                                                                                                    
                                                                                                    
                                                                                                    
                                                                                                    
                                                                                                    
                                        XXXXXXXXXXXXXXXXXXXXXXXXXXXXXXXXXXXXXXXX                    
                                        XXXXXXXXXXXXXXXXXXXXXXXXXXXXXXXXXXXXXXXX                    
                                        XXmmmmmmmmMMMMXXXXOOOOOOOOOOOOOOmmmmmmXXXXXXXXXXXXXXXXXX    
                                        XXmMMMMMmmMMMMXXXXOOOOOOOOOOOOOOmmsssmXXXXXXXXXXXXXXXXXX    
                              XXXXXXXXXXXXmMMMMMmmmmmmOOOOOOXXXXXXXXXXXXmmsssmOOOOOOOOmmmmmmmmXX    
                              XXXXXXXXXXXXmSSSSSsssssmOOOOOOXXXXXXXXXXXXmmmmmmOOOOOOOOmMMSsXXmXX    
                              XXmmmmmmmmmmmssssssSSSSmXXXXXXXXXX    XXXXXXOOOOOOOOOOOOmMMSsXXmXX    
                              XXMSSSSSSSSSssSMMmmmmmmmXXXXXXXOOX    XOOXXXOOOOXXXXXXXXmSSSsssmXX    
                              XXMSSSSSSSSSssSMMmOOOOOOXXXXXXXOIX    XIOXXXDDDDXXXXXXXXmssssssmXX    
                              XXMSSSssssssssSMMmOOOOOOXXXXXXXOOX    XOOXXXOOOOmmmmmmmmmsSSSmmmXX    
                              XXMSSSsmmmmmmmmmmmOOmmmmmmmmXXXOOX    XOOXXXOOOOmSSSssssssSMMmXXXX    
                              XXmssssmXXXXXXXXXXXXmMMSsXXmXXXOOX    XOOXXXOOOOmssssSSSSsSMMmXXXX     
                              XXmSsMMmXXXXXXXXXXXXmMMSsXXmXXXOOX    XOOXXXOOOOmmmmmmmmmsSSSmXX      
                              XXmSsMMmXXXXXXXXXXXXmSSSsssmXXXOOXXXXXXOOXXXOOOOOOOOOONNNsSXXmXX      
                              XXmSsMMmXXXXXXXXXXXXmSSSsssmXXOOOOOOOOOOOOOOOOOOOOOOOOOOmsSXXmXX      
                              XXMSsMMmXXXXmmmmMMmmmSSSsmmmXXOOOOOOOOOOOOOOOOOOOOOOOOOOmmmmmmXX      
                              XXMssMMmXXXXmSSsSSsssssmmmXXXXOPOXXXXXXOPOOOOOOOOOOOXXXXXXXXXXXX      
                              XXMsSMMmXXXXmSSsSSsssssmmmXXXXOOOX    XOOOOOOMMMMOOOXXXXXXXXXXXX      
                              XXMsSMMmXXXXmMMmmmmmmssssMOOOOOOOX    XOOOOOOMMMMOOOOOXXXXXXXXXX      
                              XXmssssmXXXXOOOOOOOOmSSXXMOOOOOOOX    XOMMmmmMMmmmmmOOXXXXXXXXXX      
                              XXmSSSsmXXXXOOOOOOOOmSSXXMXXOOOOXX    XOMMmmmMMmmmmmOOXXXXXXXXXX      
                              XXmSSSsmmmmmmmmmmmmOmmmmmmXXOOOOXX    XOmmSSsSSSSSMMMMXXXXXXXXXX      
                              XXmSSSsSSssssSsSMMmOXXXXXXXXMMmmXX    XOmmSSsSSSSSMMMMOOWWWWWWXX      
                              XXMSSSssssSSsSsSMMmOXXXXXXXXMMmmXX    XOmmSSssssSSMMmmOOWWWWWWXX      
                              XXMSSSsMMMMMsSsSMMmOXXXXXXmmMSsmXX    XOmmSSsSSsSSMMmmOOWWWWWWXX      
                              XXmmmmmMMMMMsSsSMMmOXXXXXXmmMSsmXX    XOMMSSsSSsXXSSmmOOWWWWWWXX      
                              XXXXXXOOOOOmssssssmmmmMMXXmssSsmXX    XXMMSSsSSsXXSSmmOOWWWWWWXX      
                              XXXXXXOOOOOmMMSSSsssssMMXXmssssmXX    XXmmsssMMsssssmmOOWWWWWWXX      
                              XXXXXXXXOOOmMMSSSsSSSSMMOOmsSMmmOX    XXmmSSsMMsSSMMMMXXXXXXXXXX      
                              XXXXXXXXOOOmMMSSSsssssmmOOmsSMmmOX    XXmmSSsMMsSSMMMMXXXXXXXXXX      
                              XXXXXXXXOOOmMMSSSsSSSSMMOOmsSMOOOX    XXmmSSmMMmmmMMXXXX              
                              XXXXXXXXOOOmMMMMMmMMMMMMOOmssmOOOX    XXmmSSmMMmmmMMXXXX              
                              XXXXXXXXXXOOXXXXXXXXXXXXXXMSsmOOOX    XXmmMMMMOOOOOOXX      XXXXXXXX  
                              XXXXXXXXXXOOXXXXXXXXXXXXXXMSsmOOOX    XXmmMMMMOOOOOOXX      XXXXXXXX  
                              XXOOOOWWWWWWXXXXXXXXXXXXXXMSsmOOXX    XXXXXXXXXXXXOOXXXXXXXXXXmMMMXX  
                              XXOOOOWWWWWWXXXXXXXXXXXXXXmmmmOOXX    XXXXXXXXXXXXOOXXXXXXXXXXmMMMXX  
                              XXWWWWWWWWWWXXXXXXXXXXXXXXXXXXXXXX    XXXXXXXXXXXXmmXXMMMMXXXXmMMMXX  
                              XXWWWWWWWWWWXXXXXXXXXXXXXXXXXXXXXX    XXXXXXXXXXXXmmXXMSsmXXXXmSsmXX  
                              XXWWWWWWWWWWXXXXOOOmmmmOOOXXXXXXXX    XXmmmmmmmMMMMmmmMSsmmmmmmSsmXX  
                              XXWWWWWWWWWWXXXXOOOmmmmOOOXXXXXXXX    XXmmSSSSsMMMMssssssssssSSSsmXX  
                              XXXXXXXXXXOOXXmmMMmmMMmmmmXXXXXXXX    XXmmsssssMMMMssssSSSSssssssmXX  
                              XXXXXXXXXXOOXXmmMMmmMMmmmmXXXXXXXX    XXmmMMMMmmmmmsSXXMMMMMMMMMMMXX  
                                    XXOOOOXXMMSSssSSssmmmmXXXXXX    XXXXXXXXXXXXmsSXXmXXXXXXXXXXXX  
                                    XXOOOOXXMMSSssSSSSMMMMXXXXXX    XXXXXXXXXXXXmXXmmmXXXXXXXXXXXX  
                              XXXXXXXXNOOOXXmmssssSSSSMMMMXXXXXX    XXXXXXXXMMMMmXXmmmmmmmXXXXXX    
                              XXXXXXXXNOOOXXmmssssSSssmmmmXXXXXX    XXXXXXXXmmmmmssssssssmXXXXXX    
                              XXMMMMMMNOXXXXMMSSSSSSXXSSMMXXXXXX    XXXXXXmmmmXXmSSSSssSsMMMMMXX    
                              XXMMMMMMOOXXXXMMSSSSSSXXSSMMXXXXXX    XXXXXXMMMMXXmMMMMmmSsssXXMXX    
                              XXMMSSMMOOXXXXmmsssmmsssssMMXXXXXX    XXXXXXXXXXXXOOXXXXmSsssXXMXX    
                              XXMMSSMMOOXXXXMMSSSMMSSSmmMMXXXOOX    XOOXXXXXXXXXOOXXXXmmmmmsSMXX    
                              XXMMXXMMmmXXXXMMSSSMMSSSmmMMXXXOIX    XIOXXXXXXXXXOOXXXXXXXXmsSMXX    
                              XXMMXXMMmmXXXXMMssMMMMMMmmOOXXXOOX    XOOXXXXXXXXXOOXXXXXXXXmsSMXX    
                              XXMMSSSSmMOOXXMMssMMMMMMmmOOXXXOOX    XOOXOOOOOOOOOOOOOOMMMMMsSMXX    
                              XXMMSSSSmMOOXXMMMMMMOOOOOOOOXXXOOX    XOOXOOOOOOOOOOOOOOmmmmmmMMXX    
                              XXMMXXSMmMMMXXMMMMMMOOOOOOOOXXXOOX    XOOXXXDDDDDDDDDDXXXXXXXXXXXXXX  
                              XXMMXXSMmMMMXXOOOOOOOOOOOOOOXXXOOXXXXXXOOXXXOOOOOOOOOOXXXXXXXXXXXXXX  
                              XXMMSSSMmmMMXXXXXXXXXXXXXXOOOPOOOOOOOOOOOOPOOOOOOOOOOOmmmmmmmMMMMmXX  
                              XXMMSSSMMmMMXXXXXXXXXXXXXXOOOOOOOOOOOOOOOOOOOOOOOOOOOOmmmmmmmMMMMmXX  
                              XXMMMMMMMmOOXXXXXXXXXXXXXXXXOOOOXXXXXXXXOOXXXXXXXXXXXXmssssssSSSSmXX  
                              XXMMMMMMMmOOXXXXXXXXXXXXXXXXOOOOXX    XXOOXXXXXXXXXXXXmssSSssSSSSmXX  
                              XXXXXXXXOOOOOOOOXXXXXXXXXXXXmMmMXX    XXOOXXmmmmmmmmmmmssSSssssssmXX  
                              XXXXXXXXOOOOOOOOXXXXXXXXXXXXmMmMXX    XXOOXXmSSsssssSSsssMMmmmmmmmXX  
                                XXXXXXXXXXXXmmXXmmmmXXXXXXmMmMXX    XXDDXXmSSsSSSsSSsSSMMmOOOOXXXX  
                                XXXXXXXXXXXXmmXXmssmXXXXXXmSsMXX    XXOOXXmsssSSSssssSSMMmOOOOXXXX  
                                XXMMMMMMMMMMmmmmmssmmmmmmmmSsMXX    XXOOXXmssMMmmmmmmmmMMmOOOOXX    
                                XXMMSSSSssssssSSSssSSSSSSSSSsMXX    XXOOXXmssMMmOOOOOOOOOOOOOOXX    
                                XXMMsssssSSSSssssssssssssssssMXX    XXOOXXmSSMMmOOOOOOOOOOOOXXXX    
                                XXMMMMMMMMMMMssXXMMMMMMMMMMMMMXX    XXOOXXmSSMMmOOOOOOWWWWWWXXXX    
                                XXXXXXXXXXXXmssXXMXXXXXXXXXXXXXX    XXOOOOmssssmXXOOOOWWWWWWXX      
                                XXXXXXXXXXXXmXXMMMXXXXXXXXXXXXXX    XXOOOOmSssSMXXWWWWWWWWWWXX      
                                    XXXXmmmmmXXMMMMMMMXXXXXXXXXX    XXOOOOmMmsSMXXWWWWWWWWWWXX      
                                    XXXXmmmmmssssssssmXXXXXXXXXX    XXOOOOmMmsSMXXWWWWWWWWWWXX      
                                    XXmmmmXXMSSSSSSSSmmmmmXXXXXX    XXXXXXmMmsSMXXWWWWWWWWWWXX      
                                    XXmmmmXXmmmmmmmssssXXmXXXXXX    XXXXXXmSSssmXXOOOOOOOOOOXX      
                                    XXXXXXXXOOXXXXMSSSSXXmXXXXXX    XXXXXXmSSssmOOOOOOOOOOOOXX      
                                    XXXXXXXXOOXXXXMMMMMssmXXXOOX    XOOXXXmssssmMMMMmmmmmmMOXX      
                                    XXXXXXXXOOXXXXXXXXmssmXXXOIX    XIOXOOmSSSssSSSSssSSmmMOXXXX    
                                    XXXXXXXXOOXXXXXXXXMSSmXXXOOX    XOOXOOmSSSssssssssSSmmMOXXXX    
                                    XXMMMMmmOOOOOOmmmmmmmmXXXOOX    XOOXOOmSSSsMMmmMSsSSmmMOOOXXXX  
                                    XXMMMMmmOOOOOOMMMMMMMMXXXOOX    XOOXOOmmmmmMMmmMSsSSmmMOOOXXXX  
                                    XXmmssmmXXXXXXXXXXXXXXXXXOOX    XOOXOOOOOOOOOOOMSsssssMmmmmmXX  
                                    XXmmssmmXXXXXXXXXXXXXXXXXOOXXXXXXOOXOOOOOOOOOOOMMMsSSsssssmmXX  
                                    XXmMXXMMMMOOXXXXXXXXOOOOOOOOXXXXOOOOOOOOXXXXOOOMMMsSSsSSSsmmXX  
                                    XXmMXXMMMMOOXXXXXXXXOOOOOOOPXXXXOOOOPOOOXXXXOOOMMMsSSsSSSsmmXX  
                                    XXmmssssmmOOOOXXXXOOOOXXOOOOOOOOOOOOONNNXXXXXXOMMMssssSSSsmmXX  
                                    XXmmssssmmOOOOXXXXOOOOXXOONOOOOOOOOOONNNXXXXXXOmmmmmmmMMMmmmXX  
                                    XXMmXXSMMMMMOOOOOOOOXXXXOOOOOOOOOOOOONXXXX  XXXXXXXXXXXXXXXXXX  
                                    XXMmXXSMMMMMOOOOOOOOXXXXOOOOOOOOOOOOOOXXXX  XXXXXXXXXXXXXXXXXX  
                                    XXmmsssmmmmmXXXXXXXXXXXXXXXXXXXXOOXXXXXX                        
                                    XXmmsssmmmmmXXXXXXXXXXXXXXXXXXXXZZXXXXXX                        
                                    XXMMMMMMMMOOXX                 XXXX                             
                                    XXMMMMMMMMOOXX                                                  
                                    XXXXXXXXXXXXXX                                                  
                                    XXXXXXXXXXXXXX                                                  
                                                                                                    