                                                        
                                                        
                                                        
                                                        
                                                        
                                                        
                                                        
                                                        
                                                        
                                       XXXXXXXXXXXXXXXX 
                                       XOOOOOOOOOOOOOZX 
                                     XXXOOOOOOOOOOOOOZX 
                                     XOOOOOOXXXXXXXXXXX 
                                   XXXOOOOOOX           
                                   XOOOOOOXXX           
                     XXXXXXXXXXXXXXXOOOOOOX             
                     XWWWWWWWWWWWWWWWWWWWWX             
                   XXXWWWWWWWWWWWWWWWWWWWWXXX           
                   XWWWWWWWWWWWWWWWWWWWWWWWWX           
                 XXXWWWWWWWWWWWWWWWWWWWWWWWWXXX         
                 XWWWWWWWWWWWWWWWWWWWWWWWWWWWWX         
               XXXWWWWWWWWWWWWWWWWWWWWWWWWWWWWXXX       
               XWWWWWWWWWWWWWWWWWWWWWWWWWWWWWWWWX       
             XXXWWWWWWWWWWWWWWWWWWWWWWWWWWWWWWWWXXX     
             XWWWWWWWWWWWWWWWWWWWWWWWWWWWWWWWWWWWWX     
             XWWWWWWWWWWWWWWWWWWWWWWWWWWWWWWWWWWWWX     
             XWWWWWWWWWWWWWWWWWWWWWWWWWWWWWWWWWWWWX     
             XWWWWWWWWWWWWWWWWWWWWWWWWWWWWWWWWWWWWX     
             XWWWWWWWWWWWWWWWXXXXXXXWWWWWWWWWWWWWWX     
             XWWWWWWWWWWWWWWWXXXXXXXWWWWWWWWWWWWWWX     
             XWWWWWWWWWWWWWWWXXXXXXXWWWWWWWWWWWWWWX     
             XWWWWWWWWWWWWWWWXXXXXXXWWWWWWWWWWWWWWX     
             XWWWWWWWWWWWWWWWXXXZXXXWWWWWWWWWWWWWWX     
             XWWWWWWWWWWWWWWWOOOOOOOWWWWWWWWWWWWWWX     
             XWWWWWWWWWWWWWWWWOOOOOWWWWWWWWWWWWWWWX     
             XWWWWWWWWWWWWWWWWWWWWWWWWWWWWWWWWWWWWX     
             XWWWWWWWWWWWWWWWWWWWWWWWWWWWWWWWWWWWWX     
             XWWWWWWWWWWWWWWWWWWWWWWWWWWWWWWWWWWWWX     
             XWWWWWWWWWWWWWWWWWWWWWWWWWWWWWWWWWWWWX     
             XWWWWWWWWWWWWWWWWWWWWWWWWWWWWWWWWWWWWX     
             XWWWWWWWWWWWWWWWWWWWWWWWWWWWWWWWWWWWWX     
             XWWWWWWWWWWWWWWWWWWWWWWWWWWWWWWWWWWWWXXXXX 
             XXXWWWWWWWWWWWWWWWWWWWWWWWWWWWWWWWWOOXXGGX 
               XWWWWWWWWWWWWWWWWWWWWWWWWWWWWWWWWOGXXGGX 
               XXXWWWWWWWWWWWWWWWWWWWWWWWWWWWWOOOGGGGGX 
                 XWWWWWWWWWWWWWWWWWWWWWWWWWWWWOGGGGGGGX 
                 XXXWWWWWWWWWWWWWWWWWWWWWWWWOOOGGGGGGOX 
                   XWWWWWWWWWWWWWWWWWWWWWWWWOGGGGGGGGGX 
                   XXXWWWWWWWWWWWWWWWWWWWWOOOGGGGGGGGGX 
                     XWWWWWWWWWWWWWWWWWWWWOGGGGGGGGGGGX 
                     XXXOOOOOOOOOOOOOOXXXXOGGGGGGGGGGGX 
                       XOOOOOOOOOOOOOOXXXXGGGGGGGGGGGGX 
                       XXXOOOOOOOOGGXXGGGGGGGGGGGGGGGGX 
                         XOOOOOOOOGGXXGGGGGGGGGGGGGGGGX 
                         XXXOOOOGGXXXXGGXXGGGGGGGGGGGGX 
                           XOOOOGGXXXXGGXXGGGGGGGGGGGGX 
                           XXXXXXXXXXXXXXXXXXXXXXXXXXXX 
                                                        