                                                            
                                                            
 XXXXXXXXXXXXXXXXXXXXXXXXXXXXXXXXXXXXXXXXXXXXXXXXXXXXXXXXXX 
 XXXXXXXOOOOOOOOXXXXXXXXXXXXXXXXXXXXXXXXXXXXXXXXXXXXXXXXXXX 
 XXXXXXXOOOOOXOOXXXXXXXXXXXXXXXXXXXXXXXXXXXXXXXXXXXXXXXXXXX 
 XXXXXXXbXXXXXXXXXXXXXXXXXXXXXXXXXXXXXXXXXXXXXXXXXXXXXXXXXX 
 XXXXXXXOXXXXXXXWWWWWWWWWWWWWWWWWXXXXXXXXXXXXXXXXXXXXXXXXXX 
 XXXXXXOOObOOXOXWWWWWWWWWWWWWWWWWXXXXXXXXXXXXXXXXXXXXXXXXXX 
 XXXXXXOOXXOOOOXWWWWWWWWWWWWWWWWWXXXWWWWWWWWOXXXXXXXXXXXXXX 
 XXXXXXXbXXXXXXXWWWWWWWWWWWWWWWWWXXXWWWWWWWWOXXXXXXXXXXXXXX 
 XXXXXXOOOOOOOOONOOOOXXXOOOONOOOOOXXWWWWWWWWOXXXXXXXXXXXXXX 
 XXXXXXOOOOOOOOOOOOXObOOXOOOOOOOOOXXWWWWWWWWOXXXXXOOOOOOXXX 
 XXXXXOOOOOOOOOONXXXXOOOOOOONOOOOOXXWWWWWWWWOOOOOOOOOOOOOXX 
 XXXXXONOXXXXXXXXXXXXXXXXXXXXOOXXXXXWWWWWWWWOOOOOOOOOOOOOZX 
 XXXXXOOOXXXXXXXXXXXXXXXXXXXXOOXXXXXWWWWWWWWXXXXOOOOOOOOOXX 
 XXXXXOOOXXXOOOOOOOOOOOOOOOOOOOOOOOOOOWWWWWWXXXXOOOOOOOOOXX 
 XXXXXOOOXXXOWWWWWWWWXXXXXXXXXXXXXXXOOWWWWWWXXXXOOOOOOOOOXX 
 XXXXXNOOXXXOWWWWWWWWXXXXXXXXXXXXXXXNONOOOOOOXXXXXXOOOOOOXX 
 XXXXXOOXXXOOWWWWWWWWXXXOOOOOOOOOOXXOOOOOOOOOXXXXXXOOOOOXXX 
 XXXXXOOXXXOOWWWWWWWWXXXOXXXXXXXXOXXXXXXOOXXXXXXXXXOOOOOXXX 
 XXXXXOOXXXOOWWWWWWWWXXXOXOOOXOOOOXXXXXXOOXXXXXXXXXOOOOXXXX 
 XXXXXOOXXXOOWWWWWWWWXXXOXOXOXXXXXXXOXOOOOOXXXXXXXXOOOOXXXX 
 XXXXXOXOXXOOXXXXXXXXXXXOXOXOXOXOOOXOXOOOXXXXXXXXXXXXOOXXXX 
 XXXXXOOOXXOOXXXXXXXXXXXOOOXOXOXOXOXOXOXXXOXXONOOOOOOOOOXXX 
 XXXXXXOXXXOOXXXXXXXXXXXOXXXOXOXOXOXOXOXOXOOOOOOOOOOOOOOXXX 
 XXXXXObOXXOOXXOOOOOOOOOOOOXOOOOOXOXOXOOOXOOOONOOOOOOOOOXXX 
 XXXXXOOOXXOOXXXOXXXXXXXXXOXOXXXXXOXOOXOXXOXXXWWWWWWWWWXXXX 
 XXXXXXOXXXOOXXXOOOOOOOOOXOXOOOOOXOOXOXOXXOXXXWWWWWWWWWXXXX 
 XXXXXObOXXOXXXXXXXXXXOOXXOXXXXXOXXOXOXOXXOXXXWWWWWWWWWXXXX 
 XXXXXOOOXXOOXXOOOOOOOOOOXOOOOOOOXOOXOXOXXOXXXWWWWWWWWWXXXX 
 XXXXXXOXXXOOXXXOOXXXXXXXXXXXXXXXXXOXOXOXXOXXXWWWWWWWWWXXXX 
 XXXXXObOXXXbXXXOOXXXXXXXXXXXXXXXXXOXOXOOOOXXXWWWWWWWWWXXXX 
 XXXXXOOOXXObOOOOOOOOOXXXXXXXXXXOXXOXOXXXXXXXXWWWWWWWWWXXXX 
 XXXXXXOXXXXOXWWWWWWWWWWWWWWWWWWOXXOXOOOOOOXXOOOOOOOOOOOXXX 
 XXXXXOOOXXOOXWWWWWWWWWWWWWWWWWWOOOOXXXXXXOXXXXXXXXXXOOXXXX 
 XXXXXOXOXXOOXWWWWWWWWWWWWWWWWWWOOOOOOOOOXOXOOOOOOOOOOOOOXX 
 XXXXXOOOXXOXOWWWWWWWWWWWWWWWWWWOXXOXXXXOXOXWWWWWWWWWWWWWXX 
 XXXXXOOOXXOOOWWWWWWWWWWWWWWWWWWOXXOOOOXOXOXWWWWWWWWWWWWWXX 
 XXXXXXOOOOOOOWWWWWWWWWWWWWWWWWWOXXXXXXXOXOXWWWWWWWWWWWWWXX 
 XXXXXXOOOOOOOWWWWWWWWWWWWWWWWWWOXXOOOOXOXOXWWWWWWWWWWWWWXX 
 XXXXXXOOXXXXOOOOOOOOOOOOOOOOOOOOXXOOXOXOXXXWWWWWWWWWWWWWXX 
 XXXXXXOOXXXXXXXXXXXXXXXXXXXXXXXXXXOOXOXOXOXWWWWWWWWWWWWWXX 
 XXXXXOOOXXXXXXXXXXXXXXXXXXXXXXXXXXOOXOXXXOXWWWWWWWWWWWWWXX 
 XXXXXOOOOOXXXXXXXXXXXOOOOOOXXXXXXXOXXOOOOOXWWWWWWWWWWWWWXX 
 XXXXXOOOOOXWWWWWWWWWWOOOOOOXXXXXXXOXXXXXXOXWWWWWWWWWWWWWXX 
 XXXXXOOOOOXWWWWWWWWWWOOOOOOXXXXXXXOOOOOOXOXOOOOOOOOOOOOOXX 
 XXXXXOOOOOXWWWWWWWWWWOOOOOOXXOOOXXXXXXXOXOXXXXXXXXXXOOXXXX 
 XXXXXNOOONXWWWWWWWWWWOOOOOOOOOOOXXOOOOOOXOOOOOOOOOOOOOOOOX 
 XXXXXXOOOOXWWWWWWWWWWOOOOOOOOOOOXXXXXXOOXXXXXXWWWWWWWWWWWX 
 XXXXXOOOOOXWWWWWWWWWWWWWWWXXXOXXXXXXXXOOXXXXXXWWWWWWWWWWWX 
 XXXXXOOOOOXWWWWWWWWWWWWWWWXXXOXXXXXXXXOOOOOOXXWWWWWWWWWWWX 
 XXXXXbXXXXXWWWWWWWWWWWWWWWXXXOWWWWWWWWWWWWOOXXWWWWWWWWWWWX 
 XXXXXOOOXXXWWWWWWWWWWWWWWWXXXOWWWWWWWWWWWWOOXXWWWWWWWWWWWX 
 XXXXXOOOXXXWWWWWWWWWWWWWWWXXXOWWWWWWWWWWWWOOXXWWWWWWWWWWWX 
 XXXXXXOOXXXWWWWWWWWWWWWWWWXXXOWWWWWWWWWWWWOOXXWWWWWWWWWWWX 
 XXOOOOOOXXXWWWWWWWWWWWWWWWXXXOWWWWWWWWWWWWOOXXWWWWWWWWWWWX 
 XXOOOOOOXXXWWWWWWWWWWWWWWWXXXOWWWWWWWWWWWWOOXXWWWWWWWWWWWX 
 XXOOOOOOXXXWWWWWWWWWWWWWWWXXXOOOOOOOOOOOONONXXXXXXXXXXXXXX 
 XZOOOOOOXXXWWWWWWWWWWWWWWWXXXOOOOOOOOOOOOOOOXXXXXXXXXXXXXX 
 XXOOOOOOOOOWWWWWWWWWWWWWWWXXXXXXXXXXXXXXXXXXXXXXXXXXXXXXXX 
 XXOOOOOOOOOWWWWWWWWWWWWWWWXXXXXXXXXXXXXXXXXXXXXXXXXXXXXXXX 
 XXXXXXXXXXXXXXXXXXXXXXXXXXXXXXXXXXXXXXXXXXXXXXXXXXXXXXXXXX 
                                                            