                                                                                                    
 XXXXXXXXXXXXXXXXXXXXXXXXXXXXXXXXXXXXXXXXXXXXXXX                                                    
 XOOOOOOOOXOOOOOOOOOOOOOOOOOOOOOXOOOOOOOOOOOOOXX                                                    
 XOOOOOOOrOOOOOOOOOOOOOOOOOOOOOrOOOOOOOOOOOOOOOX                                                    
 XOOOOOXXOXOOOOOOOOOOOOOOOOOOXXOXOOOOOOOOOOOOOOX                                                    
 XOOOOXXXXXXXXXXXXXXXXXXOOOOXXXXXXXXXXXXXXXOOOOX                                                    
 XOOOOX                XOOOOX             XOOOOX                                                    
 XOOOOX                XOOOOX             XOOOOX                    XXXXXXXXXXXXXXXXXXXXXXX         
 XOOOOX                XOOOOX             XOOOOX                    XOOOXOOXOOOOOOOOOOOOOXX         
 XOOOOX                XOOOOX             XOOOOX                    XOOOOOOOOOOOOOOOOOOOOOX         
 XXOOOX                XXOOOX             XXOOOX                    XOOOOOOOXOOOOOOOOOOOOOX         
 XOOOOX                XOOOOX             XOOOOX                    XXOOOOOXXXXXXXXXXXOOOOX         
 XOOOOX                XOOOOX             XOOOOX                    XOOOOOOOX        XOOOOX         
 XOOOOX                XOOOOX             XOOOOX                    XOOOOOOOX        XOOOOX         
 XNOONXXX    XXXXXXXXXXXOOOOXXXXXXXXXXXXXXXOOOOXXXXXXXXXX           XOOOOOOOX        XOOOOX         
 XOOOOOOX    XOOOOOOOOOOOOOXOOOOOOOOOOOOOXOOOOOOOOOOOOOXX           XOOOXOOOX        XOOOOX         
 XOOOOOOX    XOOOOOOOOOOOOrOOOOOOOOOOOOOXOOOOOOOOOOOOOOOX           XXXXXXXXX        XOOOOX         
 XXXOOOXX    XOOOOOXXOOOXXOXOOOOOOOOOOXXOXOOOOOOOOOOOOOOX                            XOOOOX         
 XXXXXXXX    XOOOOXXXXXXXXXXXXXXXOOOOXXXXXXXXXXXXXXXOOOOX                            XOOOOX         
             XXOOOX             XOOOOX             XOOOOX                            XOOOOX         
             XOOOOX             XOOOOX             XOOOOX                            XOOOOX         
             XOOOOX             XXOOOX             XXOOOX                            XXOOOX         
             XOOOOX             XOOOOX             XOOOOX                            XOOOOX         
             XOOOOX             XOOOOX             XOOOOX                            XOOOOX         
             XOOOOX             XOOOOX             XOOOOX                            XOOOOX         
             XOOOOX             XOOOOX             XOOOOX                            XOOOOXXXXX     
             XOOOOX             XOOOOX             XOOOOX                            XOOOXOOOOX     
 XXXXXXXXXXXXXOOOOXXXXXXXXXXXXXXXOOOOXXXXXXXXXXXXXXXOOOOXXXXXXXXXXXXXXXXXXXXXXXXX    XOOrOOOOOX     
 XOOOOOOOOOOOOOOOXOOOOOOOXOOOOOOOOOOXOOOOOOOXOOOOOOOOOOXOOOOOOXOOOOOOOOOOOOOOOOOX    XXXOXOOOOX     
 XOOOOOOOOOOOOOOrOOOOOOOXOOOOOOOOOOrOOOOOOOXOOOOOOOOOOrOOOOOOOOOOOOOOOOOOOOOOOOOX    XXXXXXOOOX     
 XOOOOOXOOOOOOXXOXOOOOXXOXOOOOOOOXXOXOOOOXXOXOOOOOOOXXOXOOOOXXOXOOOOOOOXXNOOONOXX         XOOOX     
 XOOOOXXXXXXXXXXXOOOOXXXXXXXXXXXXXXXOOOOXXXXXXXXXXXXXXXOOOOXXXXXXXXXXXXXXXOOOXXXX         XOOOX     
 XOOOOX         XOOOOX             XOOOOX             XOOOOX             XOOOX            XOOOX     
 XOOOOX         XOOOOX             XOOOOX             XOOOOX             XOOOX            XOOOX     
 XOOOOX         XOOOOX             XOOOOX             XOOOOX             XXOOX            XOOOX     
 XOOOOX         XOOOOX             XOOOOX             XOOOOX             XOOOX            XOOOX     
 XXOOOX         XOOOOX             XOOOOX             XXOOOX             XOOOXXXXXXXXXXXXXXOOOX     
 XOOOOX         XOOOOX             XOOOOX             XOOOOX             XOOOXOOOOOOOOOOOOOOOOX     
 XOOOOX         XNOONX             XOOOOX             XOOOOXXXXXXXXXX    XOOXOOOOOOOOOOOOOOOOOX     
 XOOOOX         XOOOOX             XOOOOX             XOOOXOOOOOOOOOX    XXXOXOOOOOOOOOOOOOOOOX     
 XOOOOX         XOOOOXXXXXXXXXXXXXXXOOOOXXXXXXXXXX    XOOrOOOOOOOOOOX    XXXXXOOOOXXXXXXXXXOOOX     
 XOOOOX         XOOOXOOOOOOOOOOOOOOOOOOXOOOOOOOOOX    XXXOXOOOOXOOOXX        XOOOOX       XOOOX     
 XNOONXXXXXX    XOOXOOOOOOOOOOOOOOOOOOrOOOOOOOOOOX    XXXXXXXXXXOOOOX        XOOOOX       XOOOX     
 XOOOXOOOOOX    XXXOXOOOOOOOOOOOOOOOXXOXOOOOXOOOXX             XOOOOX        XOOOOX       XOOOX     
 XOOrOOOOOOX    XXXXXXXXXXXXXXXXXXXXXXXOOOOXXXXXXX             XOOOOX        XOOOOX       XOOOX     
 XXXOXOOOOXX                          XOOOOX                   XOOOOX        XOOOOX       XOOOX     
 XXXXXXXXXXX                          XOOOOX                   XOOOOX        XOOOOX       XOOOX     
                                      XOOOOX                   XOOOOX        XOOOOX       XOOOX     
                                      XOOOOX                   XOOOOX        XOOOOX       XNONX     
                                      XOOOOX                   XOOOOX        XOOOOX       XOOXX     
                                      XOOOOX                   XOOOOXXXXXXXXXXOOOOXXX     XOOOX     
                                      XOOOOX                   XOOOXOOOOOOOOOOOOOOOOX     XXXOX     
                           XXXXXXX    XOOOOX          XXXXX    XOOrOOOOOOOOOOOOOOOOOX     XXXXX     
                           XXOOOOX    XXXOOX          XXOOX    XXXOXOOOOOOOOOOXXOXOOX               
                           ZOOOOOX    XXXZXX          ZOOOX    XXXXXXXXXXXXXXXXXXXXXX               
                           XOOOOXX                    XOOXX                                         
                           XXXZXXX                    XXXXX                                         
                                                                                                    
