                                          
XXXXXXXXXXXXXXXXXXXXXXXXXXXXXXXXXXXXXXXXX 
XXXXXXXXOOOOOOOOXXXXOOOOOONOOOOOOOOOOOOXX 
XXXXXXXXOOOOOOOOXXXXOOOOOOOOOOOOOOOOOOOZX 
XXXXOOXOOOOOOOOOXXXXONOOOOOOOOOOOOOXXOOXX 
XXXXOOXXXXXOOOOOOOOOOOOOOOOXXXXXXXOXXXXXX 
XOOOOOOOOOXOOOOOOOOOOOOXXXOOXXXXXXOOXXXXX 
XOOOOOOOOOXOOOXXXXXXXXXXXXOOXXXXXXOOXXXXX 
XOOXXXOOXXXOOOXXXXXXXXXXXXOOXXXXXXOOXXXXX 
XOOXOOOOOOOOOOXXXXXXXXXXXXOOXXXXXXOOXXXXX 
XOOXOOOOOOOOOOXXXXXXXXXXXXOOXXXXXXOOXXXXX 
XOOXOOOOOOOOOOOOOOOOOOOOOOOOXXXXXXOOXXXXX 
XOOXOOOOOXXXXOOOOOOOOOOOOOOOOOXXXXOOXXXXX 
XOOXOXXXXXXXXXOOOOOOXOOOOOOOOOOOOOOOXXXXX 
XOOXXOXXXXXXXXOOOOOXXXXXXXXXOOOOOOOOXOOOX 
XOOXOOXXXXXXXXOOOOOXXXXXXXXXOOOOOOXXXOOOX 
XOOXOOXXXXXXXXOOOOOXXXXXXXXXXXOOOOXOOOOOX 
XOOXOOXXXXXXXXOOOXOOXXXXXXXXXXXXOOXXXXXOX 
XOOXOOXXXXXXXXOOXXXOXXXXXXXXXXXXOOOONOXOX 
XOOXOOXXXXXXXXOOXOXOXXXXXXXXXXXXOOOOOOXOX 
XOOXOOXXXXXXXXOOXOXOXXXXXXXXXXXXOOOOOOXOX 
XOOXOOOOOOOOOXOOXOXOXOOOOOOOOXXXXXXXNOXOX 
XOOXOOOOOOOOOXOOXOXOOOOOOOOOOXXXXXXXOOXOX 
XOOXOOXOOOOOOXOOXOXXXXXXXXXXOXXXXXXXOOXOX 
XXXXXXXXXXOOXXOOXOOOOOOOOOOXOXXXXXXXOOXOX 
XXXXXXXXXOOOOOONXOOOOOOOOOOOOXXXXXXXOOXOX 
XXXXXXXXXOOOOOOOXXXXXXXXXOOOOOOOXXXXOOXOX 
XXXXXXXXXOOOOOOOOOOOOOOOXOOXOOOOXXXXOOXOX 
XXXXXXXXXOOOXXNOOOOOOOOOXOOXOOOOXXXXOOXOX 
XXXXXXXXXOOOXXXXXXXXXXXXXOOXXXOOXXXXOOXOX 
XXXXXXXXXOOOOXOOOOOOOOXOOOOXXXXOXXXXOOXOX 
XXXXXXXXXOOOOXOOOOOOOOXNOOONOOXOXXXXOOXOX 
XXXXXXXXXOOOOXXXXOOXOOOXOOOOOOXOOOOOOOOOX 
XXXXXXXOOOOOXXXXXOOXOOXXOOXXXXXOOOOOOOOOX 
XXXXXXXOOOXXXXOOOOOXOOXOOOXXXXXOOOOOOOXOX 
XXXXXXXOOOXOOOOOOOOXOOXOOOXXXXXXXXXXXXXOX 
XXXXXXXOOOXOOOOOXXXXOOXOOOXXXXOOOOOOOOOOX 
XXXXXXXOOOXOOOOOOOXXOOXOOOXXXXOOOOOOOOOOX 
XXXXXXXOOOXOOOOOOXOXXOXOOOXXXXOXXXXXOOXXX 
XXXXXXXOOOXOOXXXXXOOOXXOOOXXXXOXOOOOOOXXX 
XXXXXXXOOOOOOOOOOXOOOOOOOOXXXXOXOOOOOOXXX 
XXXXXXXOOOOOOOOOOXOOOOOOOOXXXXOXXXXXOOXXX 
XXXXXXXXXXXXXXXXXXOOOOXXXXXXXXOOOOOOOOXXX 
XXXXXXXXXXXXXXXXXXOOOXXXXXXXXXXXXXXXXXXXX 
                 XEeEX                    
             XXXXXEEEXXXX                 
             XOOOOOOOOOOX                 
             XOOOOOOOOOOX                 
             ZOOOOOOOOOOX                 
             XOOOOOOOOOOX                 
             XOOOOOOOOOOX                 
             XXXXXXXXXXXX                 
                                                                                                    