                                                                                               
                                                                                               
  XXXXXXXXXXXXXXXXXXXXXXXXXXXXXXXXXXXXXXXXXXXXXZXXXXXXXXXXXXXXXXXXXXXXXXXXXXXXXXXXXXXXXXXXXXXX 
  XOOOOOOOOOOOOOOOOOOOOOOOOOOOOOOOOOOOOOOXOOOOOOOOOOOXOOOOOOOOOOOOOOOOOOOOOOOOOOOOOOOXOOOOOOOX 
  XOOXXXXXXXXXXXXXXXXXXOXXXXXXXXXXXXXXXXXXXXXXXOXXXXCXXXXXXXXXXXXXXOXXXXXXXXXXXXXXXXXXCXXXXXXX 
  XOOX                XOX                     XOX  XCX            XOX                XCX       
  XOOX                XOX                     XOX  XCX            XOX                XCX       
  XOOX                XOX                     XOX  XCX            XOX                XCX       
  XOOX                XOX                     XOX  XCX            XOX                XCX       
  XOOX        XXXXX   XOX                     XOX XXCXXXXXXXXXXXXXXOXXXXXXXXXXXXXXXXXXCX       
  XOOX        XOOOX   XOX                     XOX XOOOOOOOXXXXNOOOOOOOOOOOOOOXOOOOOOOOOX       
  XOOX        XOOOXXXXXOXXXXXXXXXXXXXXXXXXXXXXXOXXXONONOOOXXXOOOOOOOOXXXXXXXXXXXXXXXXXOX       
  XOOX        XOOOXXOOOOOOOOObOOOOOOOOOOOOOOOOOOOXXXXOXXXXXXXXXXXXXNOX               XOX       
  XOOX    XXXXXOOOXXXXXXXXXXXXXXXXXXXXXXXXXXXXXXXXXXXOX           XOOX               XOX       
  XOOX    XOOOOOOOXXXXXXXXXXXXXXXXXXXXXXXXXXXXXXXXXOOOX           XOOX  XXXXXXXXXXXXXXOX       
  XOOX    XOOOOOOOOOOOOOOOOOOOOOOOOOOOOOOrOOOOOOOOOOOOX           XOOX  XOOOOOOOOOOOOOOX       
  XOOX    XXXXXXOXXXXXXXXXXXXXXXXXXXXXXXXXXXCXXXXXXOOOX           XOOX  XXXXXXXXXXXXXXOX       
  XOOX         XOX                         XCX    XXXOX    XXX    XOOX               XOX       
  XOOX         XOX                         XCX      XOX    XOX    XOOX               XOX       
  XOOX         XOX                         XCX      XOX    XOX    XOOXXXXXXXXXXXXXXXXXOX       
  XOOX         XOX                         XCX    XXXOXXXXXXOX    XOOOOOOOOOOOOOOOOOOOOX       
  XOOXXXXXXXXXXXOXXXXXXXXXXXXXXXXXXXXXXXXXXXCX    XOOOOOOOOOOX    XXXXXXXXXXXXXXXXXXXOOX       
  XOOOOOOOOOOOONONOOOOOOOOOOOOOOOOOOOOOOOOOOOX    XOOOXXXXXXOX                      XOOX       
  XOOOOOOOOOOOOOOOOOOOOOOOOOOOOOOOOOOOOOOOOOOX    XOOOX    XOX                      XOOX       
  XXXXXXXXXXXXXXXXXXXXXXXXXXXXXXXXXXXXXXXCXXXX    XOOOX    XOX                      XOOX       
                                        XCX       XOOOX    XOX                      XOOX       
                                        XCX       XOOOX    XOXXXXXXXXXXXXXXXXXXX    XOXX       
                                        XCX       XOOOX    XOOOOOOOOOOOOOOOOOOOX    XOOX       
                                        XCX       XOOOX    XOXXXXXXXXCXXXXXXXXOXXXXXXOOX       
        XXXXXXXXXXXXXXXXXXXXXXXXXXXXXXXXXCXXXXXXXXXOOOX    XOX      XCX      XOOOOOOOOOX       
        XOOOOOOOOOObOOOOOOOOOOOOOOOOOXOOOOOrOOOOOOOXOOX    XOX      XCX      XOXXXXXXOOX       
        XOOOOOXXXXXXXXXXXXXXXXOXXXXXXXCXXXXXXOXXXOXXXOX    XOX      XCX      XOX    XOXX       
        XXXOOOX              XOX     XCX    XOXXXOXXXOX    XOX      XCX      XOX    XOOX       
        XXXOOOX              XOX     XCX    XOXXXOXXXOX    XOX      XCX      XOX    XOOX       
        XXOOOOX              XOX     XCX    XOXXXOXXXOX    XOX      XCX      XOX    XXOX       
        XOOOOOX              XOX     XCX    XOXXXOXXXOX    XOX      XCX      XOX    XOOX       
        XNOOONX              XOX    XXCX    XOXXXOXXXOX    XOX      XOX      XOX    XOOX       
        XOOOXXX     XXXX     XOX    XOOX    XOXXXOXXXOX    XOX      XOX      XOX    XOOX       
        XOOOXXX     XOOX     XOX    XOOX    XOXXXOXXXOX    XOX      XOX      XOX    XOOX       
        XOOOOOX     XOOX     XOX    XOOX    XOXXXOXXXXX    XOX      XOX      XOX    XOOX       
        XOOOOOX     XOOX     XOX    XOOX    XOXXXOXXXOX    XOX      XOX      XOX    XOOX       
        XXXOOOX     XOOX     XOX    XOOX    XOXXXOXXXOX    XOX      XOX      XOX    XOOX       
        XXXOOOX     XOOX     XOX    XOOX    XOXXXOXXXOX    XOX      XOX      XOX    XOOX       
        XOOOOOX     XOOX     XOX    XOOX    XOXXXOXXXOX    XOX      XOX      XOX    XOOX       
        XOOOOOX     XOOX     XOX    XOOX    XOXXXOXXXOX    XOX      XOX      XOX    XOOX       
        XXXXXXX     XOOX     XOX    XOOX    XOXXXOXXXOXXXXXXOX      XOX      XOX    XOOX       
                    XOOX     XOX    XOOX    XOXXXOXXXOOOOOOOOX      XOX      XOX    XOOX       
                    XOOX     XOX    XOOX    XOXXXOXXXOXXXXXXOX      XOX      XOX    XOOX       
                    XOOX     XOX    XOOX    XOXXXOXXXOX    XOX      XOX      XOX    XOOX       
                    XOOX     XOX    XOOX    XOXXXOXXXOX    XOX      XOX      XOX    XXOX       
                    XOOX     XOX    XOOX    XOXXXXXXXOX    XOX      XOX      XOX    XOOX       
        XXXXXXX     XOOX     XOX    XXCX    XOXXXXXXXOX    XOX      XOX      XOX    XOOX       
        XOOOOOX     XOOXXXXXXXOX     XCX    XOXXXXXXXbX    XOX      XOX      XOX    XOOX       
        XOXXXOX     XOOOOOOOOOOX     XCX    XOOONOOOOOX    XrX      XOX      XOX    XOOX       
        XOXOXOX     XOOXXXXXXXOX     XCX    XOOOOOOOOOX    XOX      XOX      XOX    XOOX       
        XOXOXOX     XOOX     XOX     XCX    XOOOOOOOOOX    XOX      XOX      XOX    XOOX       
        XOXOXOX     XOOX     XOXXXXXXXCXXXXXXOOOOOOOOOX    XOX      XXX      XOX    XOOX       
        XOXOXOX     XOOX     XOOOOOOOOOOOOOOOOOONOOOOOX    XOX               XOXXXXXXOOX       
        XOXOXOX     XOOX     XOXXXXXXXXXXXXXXXXXXXXOXXX    XOX               XOOOOOOOOOX       
        XOXOOOX     XOOX     XOX                  XOX      XOX               XOXXXXXXOOX       
        XOXOXOX     XOOX     XOX                  XOX      XOX               XOX    XOOX       
        XOXOXOX     XOOX     XOX                  XOX      XOX               XOX    XOOX       
        XOXOXOX     XOOX     XOX                  XOX      XOX               XOX    XOOX       
        XOXOXOXXXXXXXOOXXXXXXXOXXXXXXXXXXXXXXXXXXXXOXXXXXXXXOXXXXXXXXXXXXXXXXXOX    XOOX       
        XOXOXOOOOOOOOOOXOOOOOOOOOOOOOOOOOOOOOOXXXXOOOXXXXOOOOOOOOXXXOOOOOOOOONOX    XOOX       
        XOXOXOXXXXXXXOOXXXOOOOOOOOOOOOOOOOOOOOXXXXOOOXXXXOOOOOOOOXXXOOOOOOOOOOOX    XOOX       
        XOXOXOX     XCXXXXXOOOOOOOOOOOOOOOOOOOOOOOOOOOOOOOOOOOOOOOOOOOOOOOOOONOX    XOOX       
        XOXOXOX     XCXXXXXXXXXXXXXXXXXXXOOOXXXXXXXXXXXXXXOXXXXXXXXXXXXXXXXXXXXX    XOOX       
        XOXOXOX     XCX                 XOOOX            XOX                        XOOX       
        XOXOXOX     XCX                 XOOOX            XOX                        XOOX       
        XOXOXOX     XCX                 XXOXX            XOX                        XOOX       
        XOXOXOX     XCX                  XOX             XOX                        XOXX       
        XOXOXOXXXXXXXCXXXXXXXXXXXXXX     XOX     XXXXXXXXXOXXXXXXXXXXXXXXXXXXXXXXXXXXOXX       
        XOXOXOOOXOOOOOOOXOOOOOONOOOX     XOX     XOOOOOOOOOOOOOOOOOOOOOOOOOOOOOOOOOOOOOX       
        XOXOXXXXXXXXXXXXXXXXXXXOOOOX     XOX     XOOOOOOOOOOOOOOOOOOOOOOOOOOOOOOOOOOOOOX       
        XOXXXXXXXXXXXXXXXXXXXXXOOOOX     XOX     XOOOOXXXXXXXXXXXXXXXXXXXXXXXXXXXXXNOONX       
        XOXXOOOOOOOOOOOOOOOOOOOOONXX     XOX     XOOOOXXXXXXXXXXXXXXXXXXXXXXXXXXXXXOOOOX       
        XOXXXXXXXXXXXXXXXXXXXXXOOOOX     XOX     XOOOOXXOOOOOOOOOOOOOOOOOOOOOOOOOOOOOOOX       
        XOXXXXXXXXXXXXXXXXXXXXXOOXXX     XOX     XOOOOXXXXXXXXXXXXXXXXXXXXXXXXXXXXXOOOOX       
        XOOOOOOOOOOOOOOOOOOOOOOOOXXX     XOX     XOOOOX                           XOOOOX       
        XXXXXXXXXXXXXXXXXXXXXXXXXXXX     XOX     XXXXXX                           XXXXXX       
                                         XOX                                                   
                                         XOX                                                   
                                         XOX                                                   
                                         XOX                                                   
                                         XOX                                                   
                                         XOX                                                   
                                         XZX                                                   
                                                                                               
                                                                                                    