                                                 
                                                 
                                 XXXXXXXXXX      
                                 XXOOOOOXXX      
                                 ZOOOOOOXXX      
                                 ZOOOOOOOXX      
                                 ZOOOOOOOOX      
                                 XOOOOOOOOX      
                                 XXOOOOOXXX      
                                 XXOOOOOXXX      
                                 XXOXOOOXXX      
                                 XXXOOOOXXX      
                                 XXXOOOOOOX      
                                 XXOOOOOOOX      
                                 XXXXOOOOOX      
                                 XXXXOOOOOX      
                                 XXXXOOOOOX      
                                 XXXXOOOXXX      
                                 XXXXOOOXXX      
                                 XXXXAAAXXX      
                                 XXXXAAAXXX      
                                 XXXXAAAXXX      
   XXXXXXXXXXXXXXXXXXXXXXXXXXXXXXXXXXAAAXXXXXXX  
   XXXXXXXXXXOOOOXXOOOOOOXOOOOOOOOOOlAAAlOXXXXX  
   XOOOXXXXXXOOOOOOOOOOOOOOOOOOOOOOOlAAAlOZXXXX  
   ZOOOXXXXXXOOXOOXXOOOOOOONOOXXOOOOlAAAlOXXXXX  
   XOOXXXOXXXOXXXXXXXXXXXOOXXOXXXXXXXAAAXXXXXXX  
   XOOXXXOOXXOXXXXXXXXXXXOOXXOOXXXXXXAAAXXXXXXX  
   XOOOXXOOXXOOXXXXXXXXXXOOXXOOXXOOOBAAABOOOOOX  
   XOOOXXBBXXllXXXXXXXXXXOOXXOOXXOOXXAAAXXXOOOX 
   XOOOAAAAAAAAAAAAOOOOXXOOXXOOXXOOXXAAAXXXOOOX  
   XOOOAAAAAAAAAAAAOOOOXXOXXXBBXXOOXXOOONXXOOOX  
   XXXXXXBBXXllXXXXOOOOXXOOAAAAAAOOXXOOOOXXOOOX  
   XXXXXXOOXXOOXXXXOOOOXXOOAAAAAAOOXXXCXXXXOOOZ  
   XXXXXXOOXXOOXXXXXXXCXXOOXXBBXXOOXXXCXXXXOOOX  
   XXXXXXOOXXOOXXXXXXXCXXOOXXOOXXXXXXXCXXXXOOOX  
   XOOOOOOOXXOOXXXXXXXCXXXXXXOOXXXXXXXCXXXXXXXX  
   ZOOOOOOOXXOOXXXXXXXCXXXXXXOOOOOOOOOOOOXXXXXX  
   XOOOXXOOXXOOXOOOOOOOOOOOOOOXOOOOOOOOOOXXXXXX  
   XOOOXXOOXXOOXOOOOOOOOOOOOOXXDDDDDDDDDDXXXXXX  
   XOOOXXOOXXOOXDDDDDDDDDDDDDDDXOOOOOOOOOOOXXXX  
   XXXXXXOOXXXXXOOOOOOOOOOOOOONOOOOOOOOOOOOZXXX  
   XXXXXXONXXXXXOOOOOOOOOOOOOOOOOOOOOOOOOOOXXXX  
   XXXXXXOOOOOXXOOXXXXXXXXXXXXXXXXXXXXXXXXXXXXX 
   XXXXXXOOOOOXXOOXXXXXXXXXXXXXXXXXXXXXXXXXXXXX  
   XXXXXXXXXOOXXOOXXXXXXXXXXOOXXXXXXXXXXXXXXXXX  
   XXXXXXXXXBBXXllXXXXXXXXXXOOXXXXXXXXXXXXXXXXX  
   XXXZOOOAAAAAAAAAAAAOOOOXXOOXXOOOOOXXXXOOOOXX  
   XXXXOOOAAAAAAAAAAAAOOOOXXOOXXOOOOOXXXXOOOOZX  
   XXXXOOOXXBBXXllXXXXCXXXXXOOXXXAAXCXXXXOOOOXX  
   XXXXOOOXXOOXXOOXXXXCXXXXXOOXXXAAXCXXXXXXXXXX  
   XXXXOOOXXOOXXOOXXXXCXXXXXAAXXXAAXCXXXXXXXXXX  
   XXXXXXXXXOOXXOOXXXXCXXXXXAAXXXAAXCXXXXXXXXXX  
   XXXXXXXXXOOXXOOOOOOOXXOOBAABOlAAXOOOOOOXXXXX  
   XXXXXXXXXOOXXXXOOOOOXXOOBAABOlAAlOOOOOOXXXXX  
   XXXXXXXXXOOXXXXDDDDDDOOXXAAXXXAAXXXXXOOXXXXX  
   XXXXOOOOOOOOOOOOOOOOOOOXXAAXXXAAXXXXXOOXXXXX  
   XXXXOOOOOOOOOOOOOOOOOOOXXOOOOBAABOOXXOOXXXXX  
   XXXXDDXXXXXXXXXXXXXXXDDXXOOONBAABOOXXOOXXXXX  
   XXXXOOXXXXXXXXXXXXXXXOOXXOXXXXAAXXOXXOOXXXXX  
   XXXXOOXXXXXXXXXXXXXXXOOXXOXXXXAAXXOXXOOXXXXX  
   XXXXOOXXXXXXXXXXXXXXXllXXBXXOOOOXXOXXOOXXXXX  
   XXXXOXXXXXOOOOOOOAAAAAAAAAAAOOOOXXOXXOOXXXXX  
   XXXXOOXXXXOOOOOOOAAAAAAAAAAAOOOOXXOXXOOXXXXX  
   XXXXOXXXXXOOOOOOOXXXXllXXBXXXOOXXXOXXOOXXXXX  
   XXXXOXXXXXXAAAXCXXXXXOOXXOXXXOOXXXOXXOOXXXXX  
   XXXXOOXXXXXAAAXCXXXXXOOXXOOOOOOOOOOXXDDXXXXX  
   XXXXOOXXXXXAAAXCXXXXXOOXXXXXXXXXXXXXXOOXXXXX  
   XXXXOOXXXXXAAAXCXXXXXOOXXXXXXXXXXXXXXOOXXXXX  
   XXXXNOOOOOBAAABOOOOOOOOOOOOOOOOOOOOOOOOXXXXX  
   XXXXOOOOOOBAAABOOOOOOOOOOOOOOOOOXXOOOOOXXXXX  
   XXXXXXXXXXXAAAXXXXXXXXXXXXXXXXXXXXXXXXXXXXXX  
            XXAAAXX                              
            XXAAAXX                              
            XXAAAXX                              
            XOOOOOX                              
            XOOOOOX                              
            XOOOOOX                              
            XOOOOOX                              
            XXZZZXX                              
                                                                                                    