                                
                        XXXX    
                        XOXX    
  XXXXXXXXXXXXXXXXXXXXXXXOZX    
  XXXOOWWWWWWWWWWOOOOOOXXOXX    
  XXXOOWWWWWWWWWWOOOOOOXXOXX    
  XXOOOWWWWWWWWWWOOOOOOXXOXXXX  
  XXOOOXXXXXXXXXXXOOXXOXXOOOOX  
  XZOOOX    XXXXXXOOXXOXXXXCXX  
  XXOOOX    XOOOOOOOXXOXXXXCXX  
  XXOOOX    XXXXXXXXXXOOOOOOXX  
  XXOOOX             XDDDDDDXX  
  XXOOOX             XOOOOOOXX  
  XXOOOX      XXXXXXXXOOOOOOXX  
  XXOOOXXXX   XOOOOOXXOOOWWOXX  
  XXOOOWWWX   XOXXXOOOOOOWWOXX  
  XXOOOWWWXXXXXOXXXOOOOOOWWOXX  
  XXOOOWWWXXOOOOXXXOXXWWWWWOXX  
  XXOOOWWWXXOXOOXXXOXXWWWWWOXX  
  XXOOOWWWXXOOOOOOOOXXWWWOOOXX  
  XXOOOWWWXXXOOOOXXXXXWWWOOOZX  
  XXOOOWWWXXXXOOXXXXXXWWWOOOXX  
  XXOOOWWWXXXXOOXXXXXXWWWrXXXX  
  XXOOOOOOOOOOOOrOOOrOOOrOXXXX  
  XXOOOOOOXXXXOOXXXXXXXXXXX     
  XXXOOOOOXXXXOOXXXXXXXXXXXXXXX 
  XXOOOOOOXXOOOOWWWWWWWWWWOOOOX 
  XXXXOOOXXXOOOOWWWWWWWWWWOOOOX 
  XXXXXXXXXXOXOOWWWWWWWWWWOOOOX 
           XOOOOWWWWWWWWWWOOOOX 
           XXXXXXXXXXXXXXXXXXXX 
                                