                                     
         XXXXXXXXXXXXX               
         XXXXXXXXZXXXX               
         XOOXOOOOOOXOXXXX            
       XXXOOOOOOOOOXXXOOXXX          
     XXXOXOXOOOOOOOXXXOOXOXXX        
     XOXOXXXXXOXXXXXXXOOXOXOXXXX     
     XOXOXOOOOOOOOOOOOOOXOXOXOOXXX   
     XOXOXXXXXXXXXXXOXXOXOXOXOOXOX   
     XOXOOOOOOOOOObOOOOOOOXOXOOOOX   
     XOXXXXXOXXXXXXXXXXXXXXOXOOXOX   
     XOOOOOrOOOXOOOOOOOOOOOOXOOXOX   
     XXXOXXXXXXXXOXXXXXXOXXXXOOXOX   
      XOOOOOOOOOOOOOOOXOOOObOOOXOX   
      XXXXXXXXXXXXXXXXXXXXXXXXXXOX   
       XXXOOOOXXOObXXXOOOObOXOOOOX   
       XXXXOOOOXOOOXOXOOOObOOOXOOX   
       XOOOOXOObOOOOOOOOXObOXOOOOX   
       XOXXXXXXXXXXXOXXXXXXXXXXXOX   
       XOX         XOX         XOX   
       XOX         XOX         XOX   
       XOX         XOX        XXOXX  
       XOX         XOX        XOOOX  
       XOX    XXXXXXOXXXXXX  XXXOXXX 
       XXX    XOOObOOXXOOOX  XOOOOOX 
              XOOXXOOXXOOOX  XOOOOOX 
              XOOXXXXOOOOOX  XXXXXXX 
              XOOOOrOOOOOOX          
              XXXXXOOOOOOOX          
              XXXOOOOOOOOOX          
              XXXXXXZXXXXXX          
              XXXXXXXXXXXXX          
                                     